11/12/2025 15:34:34 - INFO - __main__ -   ########## Repeat:0 ##########
11/12/2025 15:34:34 - INFO - utils.trainer -   ***** Running training *****
11/12/2025 15:34:34 - INFO - utils.trainer -     Num examples = 26
11/12/2025 15:34:34 - INFO - utils.trainer -     Num Epochs = 200
11/12/2025 15:34:34 - INFO - utils.trainer -     Total train batch size = 4
11/12/2025 15:34:34 - INFO - utils.trainer -     warmup steps = 400
11/12/2025 15:34:34 - INFO - utils.trainer -     Total optimization steps = 5200
11/12/2025 15:34:34 - INFO - utils.trainer -     Save steps = 200
11/12/2025 15:34:34 - INFO - root -   Parameters [normal] length [108]
11/12/2025 15:38:05 - INFO - utils.trainer -   ***** Running evaluation on test0 dataset *****
11/12/2025 15:38:10 - INFO - utils.trainer -   AUC: 0.50000
11/12/2025 15:38:10 - INFO - utils.trainer -   Accuracy: 0.53846
11/12/2025 15:38:10 - INFO - utils.trainer -   Precision: 0.53846
11/12/2025 15:38:10 - INFO - utils.trainer -   Recall: 1.00000
11/12/2025 15:38:10 - INFO - utils.trainer -   F_score: 0.70000
11/12/2025 15:38:10 - INFO - utils.trainer -   Specificity: 0.00000
11/12/2025 15:38:10 - INFO - utils.trainer -   Sensitivity: 1.00000
11/12/2025 15:38:10 - INFO - utils.trainer -   Loss: 0.77480
11/12/2025 15:38:10 - INFO - utils.trainer -    Train loss: 0.92604, Test loss: 0.77480,Epoch time = 211.551s
11/12/2025 15:38:10 - INFO - utils.trainer -   Saving model checkpoint to output_dir/DFaST
11/12/2025 15:41:42 - INFO - utils.trainer -   ***** Running evaluation on test0 dataset *****
11/12/2025 15:41:46 - INFO - utils.trainer -   AUC: 0.50000
11/12/2025 15:41:46 - INFO - utils.trainer -   Accuracy: 0.53846
11/12/2025 15:41:46 - INFO - utils.trainer -   Precision: 0.53846
11/12/2025 15:41:46 - INFO - utils.trainer -   Recall: 1.00000
11/12/2025 15:41:46 - INFO - utils.trainer -   F_score: 0.70000
11/12/2025 15:41:46 - INFO - utils.trainer -   Specificity: 0.00000
11/12/2025 15:41:46 - INFO - utils.trainer -   Sensitivity: 1.00000
11/12/2025 15:41:46 - INFO - utils.trainer -   Loss: 0.77480
11/12/2025 15:41:46 - INFO - utils.trainer -    Train loss: 0.90018, Test loss: 0.77480,Epoch time = 211.336s
11/12/2025 15:41:47 - INFO - utils.trainer -   Saving model checkpoint to output_dir/DFaST
